正在加载配置文件“E:\BaiduNetdiskDownload\BVNY\flex4.16.1-air51.0.1.1\frameworks\flex-config.xml”
E:\BaiduNetdiskDownload\BVNY\tools\Test\launch.swf（4295097 字节）
Exit: 0
